Timestamp: 2026-07-16T17:10:24.482480
--------------------------------------------------------------------------------

PASS: Banner contains warnings: unauthorized, monitored, prohibited, warning, legalTimestamp: 2026-07-16T17:11:14.330707
--------------------------------------------------------------------------------

SNMP Check: Timestamp: 2026-07-16T17:11:14.330752
--------------------------------------------------------------------------------

FAIL: Insecure communities found: public, privateTimestamp: 2026-07-16T17:11:14.330844
--------------------------------------------------------------------------------

Telnet Check: Timestamp: 2026-07-16T17:11:14.330863
--------------------------------------------------------------------------------

FAIL: Telnet enabled on line: telnet sshTimestamp: 2026-07-16T17:11:14.330880
--------------------------------------------------------------------------------

SSH Check: Timestamp: 2026-07-16T17:11:14.330895
--------------------------------------------------------------------------------

FAIL: SSH enabled on line: telnet sshTimestamp: 2026-07-16T17:11:14.330976
--------------------------------------------------------------------------------

Banner Check: Timestamp: 2026-07-16T17:11:14.330994
--------------------------------------------------------------------------------

PASS: Banner contains warnings: unauthorized, monitored, prohibited, warning, legalTimestamp: 2026-07-16T17:15:48.674586
--------------------------------------------------------------------------------

SNMP Check: Timestamp: 2026-07-16T17:15:48.674630
--------------------------------------------------------------------------------

FAIL: Insecure communities found: public, privateTimestamp: 2026-07-16T17:15:48.674732
--------------------------------------------------------------------------------

Telnet Check: Timestamp: 2026-07-16T17:15:48.674752
--------------------------------------------------------------------------------

FAIL: Telnet enabled on line: telnet sshTimestamp: 2026-07-16T17:15:48.674811
--------------------------------------------------------------------------------

SSH Check: Timestamp: 2026-07-16T17:15:48.674841
--------------------------------------------------------------------------------

REVIEW: SSH enabled, but version 2 not configuredTimestamp: 2026-07-16T17:15:48.674925
--------------------------------------------------------------------------------

Banner Check: Timestamp: 2026-07-16T17:15:48.674944
--------------------------------------------------------------------------------

PASS: Banner contains warnings: unauthorized, monitored, prohibited, warning, legal